MO mux_4X1_using_if_else_block NULL mux_4X1_using_if_else_block.v vlg2F/mux__4_x1__using__if__else__block.bin 1643618607
MO half_adder NULL half_adder.v vlg5A/half__adder.bin 1643361608
MO level_triggered_D_flipflop NULL level_triggered_D_flipflop.v vlg52/level__triggered___d__flipflop.bin 1643614677
MO full_adder NULL full_adder.v vlg5A/full__adder.bin 1643361665
